{
  "groups": {},
  "users": {},
  "roles": {},
  "aws_managed_policies": {
    "LALALALALAALALA": {
      "PolicyName": "CloudWatch-CrossAccountAccess",
      "PolicyId": "LALALALALAALALA",
      "Arn": "arn:aws:iam::aws:policy/aws-service-role/CloudWatch-CrossAccountAccess",
      "Path": "/aws-service-role/",
      "DefaultVersionId": "v1",
      "AttachmentCount": 1,
      "IsAttachable": true,
      "CreateDate": "2019-07-23 09:59:27+00:00",
      "UpdateDate": "2019-07-23 09:59:27+00:00",
      "PolicyVersionList": [
        {
          "Document": {
            "Version": "2012-10-17",
            "Statement": [
              {
                "Action": [
                  "iam:*"
                ],
                "Resource": [
                  "*"
                ],
                "Effect": "Allow"
              }
            ]
          },
          "VersionId": "v1",
          "IsDefaultVersion": true,
          "CreateDate": "2019-07-23 09:59:27+00:00"
        }
      ],
      "PrivilegeEscalation": [
        {
          "type": "CreateAccessKey",
          "actions": [
            "iam:createaccesskey"
          ]
        },
        {
          "type": "CreateLoginProfile",
          "actions": [
            "iam:createloginprofile"
          ]
        },
        {
          "type": "UpdateLoginProfile",
          "actions": [
            "iam:updateloginprofile"
          ]
        },
        {
          "type": "CreateNewPolicyVersion",
          "actions": [
            "iam:createpolicyversion"
          ]
        },
        {
          "type": "SetExistingDefaultPolicyVersion",
          "actions": [
            "iam:setdefaultpolicyversion"
          ]
        },
        {
          "type": "AttachUserPolicy",
          "actions": [
            "iam:attachuserpolicy"
          ]
        },
        {
          "type": "AttachGroupPolicy",
          "actions": [
            "iam:attachgrouppolicy"
          ]
        },
        {
          "type": "PutUserPolicy",
          "actions": [
            "iam:putuserpolicy"
          ]
        },
        {
          "type": "PutGroupPolicy",
          "actions": [
            "iam:putgrouppolicy"
          ]
        },
        {
          "type": "AddUserToGroup",
          "actions": [
            "iam:addusertogroup"
          ]
        }
      ],
      "DataExfiltration": [],
      "ResourceExposure": [
        "iam:AddClientIDToOpenIDConnectProvider",
        "iam:AddRoleToInstanceProfile",
        "iam:AddUserToGroup",
        "iam:AttachGroupPolicy",
        "iam:AttachRolePolicy",
        "iam:AttachUserPolicy",
        "iam:ChangePassword",
        "iam:CreateAccessKey",
        "iam:CreateAccountAlias",
        "iam:CreateGroup",
        "iam:CreateInstanceProfile",
        "iam:CreateLoginProfile",
        "iam:CreateOpenIDConnectProvider",
        "iam:CreatePolicy",
        "iam:CreatePolicyVersion",
        "iam:CreateRole",
        "iam:CreateSAMLProvider",
        "iam:CreateServiceLinkedRole",
        "iam:CreateServiceSpecificCredential",
        "iam:CreateUser",
        "iam:CreateVirtualMFADevice",
        "iam:DeactivateMFADevice",
        "iam:DeleteAccessKey",
        "iam:DeleteAccountAlias",
        "iam:DeleteAccountPasswordPolicy",
        "iam:DeleteGroup",
        "iam:DeleteGroupPolicy",
        "iam:DeleteInstanceProfile",
        "iam:DeleteLoginProfile",
        "iam:DeleteOpenIDConnectProvider",
        "iam:DeletePolicy",
        "iam:DeletePolicyVersion",
        "iam:DeleteRole",
        "iam:DeleteRolePermissionsBoundary",
        "iam:DeleteRolePolicy",
        "iam:DeleteSAMLProvider",
        "iam:DeleteSSHPublicKey",
        "iam:DeleteServerCertificate",
        "iam:DeleteServiceLinkedRole",
        "iam:DeleteServiceSpecificCredential",
        "iam:DeleteSigningCertificate",
        "iam:DeleteUser",
        "iam:DeleteUserPermissionsBoundary",
        "iam:DeleteUserPolicy",
        "iam:DeleteVirtualMFADevice",
        "iam:DetachGroupPolicy",
        "iam:DetachRolePolicy",
        "iam:DetachUserPolicy",
        "iam:EnableMFADevice",
        "iam:PassRole",
        "iam:PutGroupPolicy",
        "iam:PutRolePermissionsBoundary",
        "iam:PutRolePolicy",
        "iam:PutUserPermissionsBoundary",
        "iam:PutUserPolicy",
        "iam:RemoveClientIDFromOpenIDConnectProvider",
        "iam:RemoveRoleFromInstanceProfile",
        "iam:RemoveUserFromGroup",
        "iam:ResetServiceSpecificCredential",
        "iam:ResyncMFADevice",
        "iam:SetDefaultPolicyVersion",
        "iam:SetSecurityTokenServicePreferences",
        "iam:UpdateAccessKey",
        "iam:UpdateAccountPasswordPolicy",
        "iam:UpdateAssumeRolePolicy",
        "iam:UpdateGroup",
        "iam:UpdateLoginProfile",
        "iam:UpdateOpenIDConnectProviderThumbprint",
        "iam:UpdateRole",
        "iam:UpdateRoleDescription",
        "iam:UpdateSAMLProvider",
        "iam:UpdateSSHPublicKey",
        "iam:UpdateServerCertificate",
        "iam:UpdateServiceSpecificCredential",
        "iam:UpdateSigningCertificate",
        "iam:UpdateUser",
        "iam:UploadSSHPublicKey",
        "iam:UploadServerCertificate",
        "iam:UploadSigningCertificate"
      ],
      "InfrastructureModification": [
        "iam:AddClientIDToOpenIDConnectProvider",
        "iam:AddRoleToInstanceProfile",
        "iam:AddUserToGroup",
        "iam:AttachGroupPolicy",
        "iam:AttachRolePolicy",
        "iam:AttachUserPolicy",
        "iam:ChangePassword",
        "iam:CreateAccessKey",
        "iam:CreateGroup",
        "iam:CreateInstanceProfile",
        "iam:CreateLoginProfile",
        "iam:CreateOpenIDConnectProvider",
        "iam:CreatePolicy",
        "iam:CreatePolicyVersion",
        "iam:CreateRole",
        "iam:CreateSAMLProvider",
        "iam:CreateServiceLinkedRole",
        "iam:CreateServiceSpecificCredential",
        "iam:CreateUser",
        "iam:CreateVirtualMFADevice",
        "iam:DeactivateMFADevice",
        "iam:DeleteAccessKey",
        "iam:DeleteGroup",
        "iam:DeleteGroupPolicy",
        "iam:DeleteInstanceProfile",
        "iam:DeleteLoginProfile",
        "iam:DeleteOpenIDConnectProvider",
        "iam:DeletePolicy",
        "iam:DeletePolicyVersion",
        "iam:DeleteRole",
        "iam:DeleteRolePermissionsBoundary",
        "iam:DeleteRolePolicy",
        "iam:DeleteSAMLProvider",
        "iam:DeleteSSHPublicKey",
        "iam:DeleteServerCertificate",
        "iam:DeleteServiceLinkedRole",
        "iam:DeleteServiceSpecificCredential",
        "iam:DeleteSigningCertificate",
        "iam:DeleteUser",
        "iam:DeleteUserPermissionsBoundary",
        "iam:DeleteUserPolicy",
        "iam:DeleteVirtualMFADevice",
        "iam:DetachGroupPolicy",
        "iam:DetachRolePolicy",
        "iam:DetachUserPolicy",
        "iam:EnableMFADevice",
        "iam:PassRole",
        "iam:PutGroupPolicy",
        "iam:PutRolePermissionsBoundary",
        "iam:PutRolePolicy",
        "iam:PutUserPermissionsBoundary",
        "iam:PutUserPolicy",
        "iam:RemoveClientIDFromOpenIDConnectProvider",
        "iam:RemoveRoleFromInstanceProfile",
        "iam:RemoveUserFromGroup",
        "iam:ResetServiceSpecificCredential",
        "iam:ResyncMFADevice",
        "iam:SetDefaultPolicyVersion",
        "iam:TagRole",
        "iam:TagUser",
        "iam:UntagRole",
        "iam:UntagUser",
        "iam:UpdateAccessKey",
        "iam:UpdateAssumeRolePolicy",
        "iam:UpdateGroup",
        "iam:UpdateLoginProfile",
        "iam:UpdateOpenIDConnectProviderThumbprint",
        "iam:UpdateRole",
        "iam:UpdateRoleDescription",
        "iam:UpdateSAMLProvider",
        "iam:UpdateSSHPublicKey",
        "iam:UpdateServerCertificate",
        "iam:UpdateServiceSpecificCredential",
        "iam:UpdateSigningCertificate",
        "iam:UpdateUser",
        "iam:UploadSSHPublicKey",
        "iam:UploadServerCertificate",
        "iam:UploadSigningCertificate"
      ],
      "is_excluded": true
    }
  },
  "customer_managed_policies": {},
  "inline_policies": {},
  "exclusions": {
    "policies": [
      "aws-service-role*"
    ]
  }
}
